// Jest Snapshot v1, https://goo.gl/fbAQLP

exports[`Home renders without crashing 1`] = `
<Home
  loadStocks={
    [MockFunction] {
      "calls": Array [
        Array [],
      ],
    }
  }
  stocks={
    Object {
      "data": null,
      "error": null,
      "loading": false,
    }
  }
>
  <div>
    <header>
      <img
        alt="logo"
      />
      <h1>
        Welcome to React
      </h1>
    </header>
    <p>
      To get started, edit 
      <code>
        src/Home.tsx
      </code>
       and save to reload.
    </p>
    <pre>
      <code>
        {
  "data": null,
  "error": null,
  "loading": false
}
      </code>
    </pre>
  </div>
</Home>
`;
