// Jest Snapshot v1, https://goo.gl/fbAQLP

exports[`CompanyCard renders without crashing 1`] = `
<WithStyles(Card)>
  <WithStyles(CardContent)>
    <a
      href="http://test.com"
      target="_blank"
      title="Go to Testing Co website"
    >
      <WithStyles(Icon)>
        open_in_new
      </WithStyles(Icon)>
    </a>
    <WithStyles(Typography)
      color="textSecondary"
    >
      Testing Co
    </WithStyles(Typography)>
    <WithStyles(Typography)
      component="h2"
      variant="headline"
    >
      TST
    </WithStyles(Typography)>
    <WithStyles(Typography)
      color="textSecondary"
    >
      Tests
    </WithStyles(Typography)>
    <WithStyles(Typography)
      color="textSecondary"
    >
      CEO: 
      Sr. Test
    </WithStyles(Typography)>
    <WithStyles(Typography)
      color="textSecondary"
    >
      Minim do fugiat dolor fugiat excepteur nulla est aliquip.
    </WithStyles(Typography)>
    <div>
      <WithStyles(Chip)
        key="T"
        label="T"
      />
      <WithStyles(Chip)
        key="A"
        label="A"
      />
      <WithStyles(Chip)
        key="G"
        label="G"
      />
    </div>
  </WithStyles(CardContent)>
</WithStyles(Card)>
`;
