// Jest Snapshot v1, https://goo.gl/fbAQLP

exports[`Header renders without crashing 1`] = `
<header>
  <Link
    replace={false}
    title="Go to home"
    to="/"
  >
    <img
      alt="IEX Trading"
    />
  </Link>
  <WithStyles(Typography)
    component="h1"
    variant="display3"
  >
    IEX Trading
    <WithStyles(Typography)
      component="small"
      variant="display1"
    >
      Bigest stocks
    </WithStyles(Typography)>
  </WithStyles(Typography)>
  <Connect(SymbolSearch) />
</header>
`;
