// Jest Snapshot v1, https://goo.gl/fbAQLP

exports[`Header renders without crashing 1`] = `
<Header>
  <header>
    <WithStyles(Typography)
      component="h1"
      variant="display3"
    >
      <Typography
        align="inherit"
        classes={
          Object {
            "alignCenter": "MuiTypography-alignCenter-14",
            "alignJustify": "MuiTypography-alignJustify-16",
            "alignLeft": "MuiTypography-alignLeft-13",
            "alignRight": "MuiTypography-alignRight-15",
            "body1": "MuiTypography-body1-10",
            "body2": "MuiTypography-body2-9",
            "button": "MuiTypography-button-12",
            "caption": "MuiTypography-caption-11",
            "colorError": "MuiTypography-colorError-25",
            "colorInherit": "MuiTypography-colorInherit-20",
            "colorPrimary": "MuiTypography-colorPrimary-21",
            "colorSecondary": "MuiTypography-colorSecondary-22",
            "colorTextPrimary": "MuiTypography-colorTextPrimary-23",
            "colorTextSecondary": "MuiTypography-colorTextSecondary-24",
            "display1": "MuiTypography-display1-5",
            "display2": "MuiTypography-display2-4",
            "display3": "MuiTypography-display3-3",
            "display4": "MuiTypography-display4-2",
            "gutterBottom": "MuiTypography-gutterBottom-18",
            "headline": "MuiTypography-headline-6",
            "noWrap": "MuiTypography-noWrap-17",
            "paragraph": "MuiTypography-paragraph-19",
            "root": "MuiTypography-root-1",
            "subheading": "MuiTypography-subheading-8",
            "title": "MuiTypography-title-7",
          }
        }
        color="default"
        component="h1"
        gutterBottom={false}
        headlineMapping={
          Object {
            "body1": "p",
            "body2": "aside",
            "display1": "h1",
            "display2": "h1",
            "display3": "h1",
            "display4": "h1",
            "headline": "h1",
            "subheading": "h3",
            "title": "h2",
          }
        }
        noWrap={false}
        paragraph={false}
        variant="display3"
      >
        <h1
          className="MuiTypography-root-1 MuiTypography-display3-3"
        >
          IEX Trading
          <WithStyles(Typography)
            component="small"
            variant="display1"
          >
            <Typography
              align="inherit"
              classes={
                Object {
                  "alignCenter": "MuiTypography-alignCenter-14",
                  "alignJustify": "MuiTypography-alignJustify-16",
                  "alignLeft": "MuiTypography-alignLeft-13",
                  "alignRight": "MuiTypography-alignRight-15",
                  "body1": "MuiTypography-body1-10",
                  "body2": "MuiTypography-body2-9",
                  "button": "MuiTypography-button-12",
                  "caption": "MuiTypography-caption-11",
                  "colorError": "MuiTypography-colorError-25",
                  "colorInherit": "MuiTypography-colorInherit-20",
                  "colorPrimary": "MuiTypography-colorPrimary-21",
                  "colorSecondary": "MuiTypography-colorSecondary-22",
                  "colorTextPrimary": "MuiTypography-colorTextPrimary-23",
                  "colorTextSecondary": "MuiTypography-colorTextSecondary-24",
                  "display1": "MuiTypography-display1-5",
                  "display2": "MuiTypography-display2-4",
                  "display3": "MuiTypography-display3-3",
                  "display4": "MuiTypography-display4-2",
                  "gutterBottom": "MuiTypography-gutterBottom-18",
                  "headline": "MuiTypography-headline-6",
                  "noWrap": "MuiTypography-noWrap-17",
                  "paragraph": "MuiTypography-paragraph-19",
                  "root": "MuiTypography-root-1",
                  "subheading": "MuiTypography-subheading-8",
                  "title": "MuiTypography-title-7",
                }
              }
              color="default"
              component="small"
              gutterBottom={false}
              headlineMapping={
                Object {
                  "body1": "p",
                  "body2": "aside",
                  "display1": "h1",
                  "display2": "h1",
                  "display3": "h1",
                  "display4": "h1",
                  "headline": "h1",
                  "subheading": "h3",
                  "title": "h2",
                }
              }
              noWrap={false}
              paragraph={false}
              variant="display1"
            >
              <small
                className="MuiTypography-root-1 MuiTypography-display1-5"
              >
                Bigest stocks
              </small>
            </Typography>
          </WithStyles(Typography)>
        </h1>
      </Typography>
    </WithStyles(Typography)>
  </header>
</Header>
`;
